[debug] [2025-05-04T19:44:43.200Z] ----------------------------------------------------------------------
[debug] [2025-05-04T19:44:43.209Z] Command:       /nix/store/ixbb20farqh1f4fqbmsn6b1ixn8mc8ij-nodejs-20.18.1/bin/node /nix/store/984bjqzf7prsischdc86jmqbn4ha5yxd-firebase-tools-14.2.0/lib/node_modules/firebase-tools/lib/bin/firebase.js login --no-localhost
[debug] [2025-05-04T19:44:43.212Z] CLI Version:   14.2.0
[debug] [2025-05-04T19:44:43.213Z] Platform:      linux
[debug] [2025-05-04T19:44:43.213Z] Node Version:  v20.18.1
[debug] [2025-05-04T19:44:43.213Z] Time:          Sun May 04 2025 19:44:43 GMT+0000 (Coordinated Universal Time)
[debug] [2025-05-04T19:44:43.215Z] ----------------------------------------------------------------------
[debug] 
[debug] [2025-05-04T19:44:43.232Z] >>> [apiv2][query] GET https://firebase-public.firebaseio.com/cli.json [none]
[info] i  Firebase optionally collects CLI and Emulator Suite usage and error reporting information to help improve our products. Data is collected in accordance with Google's privacy policy (https://policies.google.com/privacy) and is not used to identify you.
 
[debug] [2025-05-04T19:44:43.981Z] <<< [apiv2][status] GET https://firebase-public.firebaseio.com/cli.json 200
[debug] [2025-05-04T19:44:43.985Z] <<< [apiv2][body] GET https://firebase-public.firebaseio.com/cli.json {"cloudBuildErrorAfter":1594252800000,"cloudBuildWarnAfter":1590019200000,"defaultNode10After":1594252800000,"minVersion":"3.0.5","node8DeploysDisabledAfter":1613390400000,"node8RuntimeDisabledAfter":1615809600000,"node8WarnAfter":1600128000000}
[info] i  To change your data collection preference at any time, run `firebase logout` and log in again. 
[debug] [2025-05-04T19:44:51.584Z] >>> [apiv2][query] POST https://auth.firebase.tools/attest [none]
[debug] [2025-05-04T19:44:51.584Z] >>> [apiv2][body] POST https://auth.firebase.tools/attest {"session_id":"f3a85bcd-64a0-4e2a-9a92-c99f1b99dbcd"}
[debug] [2025-05-04T19:44:51.909Z] <<< [apiv2][status] POST https://auth.firebase.tools/attest 200
[debug] [2025-05-04T19:44:51.915Z] <<< [apiv2][body] POST https://auth.firebase.tools/attest {"token":"-iq_hJ91I-GWY4tElA4g-xhknSJe_lEB8E8j3jk_7GU"}
[info] 
[info] To sign in to the Firebase CLI:
[info] 
[info] 1. Take note of your session ID:
[info] 
[info]    F3A85
[info] 
[info] 2. Visit the URL below on any device and follow the instructions to get your code:
[info] 
[info]    https://auth.firebase.tools/login?code_challenge=FoCdhzViqf1GUxaDJ5X9qDK_WfDZNhx13gpZHinT3AY&session=f3a85bcd-64a0-4e2a-9a92-c99f1b99dbcd&attest=-iq_hJ91I-GWY4tElA4g-xhknSJe_lEB8E8j3jk_7GU
[info] 
[info] 3. Paste or enter the authorization code below once you have it:
[info] 
